package test.com;

import java.util.List;

import org.openlegacy.annotations.rpc.*;
import org.openlegacy.FieldType.*;

@RpcEntity(name="As400sample")

public class As400sample {

   private Param1 param1;

   @RpcPart(partName="Param1", occur=1)
   public class  Param1 {

   @RpcNumericField(minimumValue=-99, maximumValue=99, decimalPlaces=0)
   @RpcField(length =2, originalName="CHILD1" ,fieldType=General.class)
   private Integer child1;

   @RpcNumericField(minimumValue=-99, maximumValue=99, decimalPlaces=0)
   @RpcField(length =2, originalName="CHILD2" ,fieldType=General.class)
   private Integer child2;

  }
}

