// WARNING: DO NOT EDIT THIS FILE.
// You may push code into the target .java compilation unit if you wish to edit any member(s).

package com.someorg.examples.rpc;

import java.util.*;
import org.openlegacy.rpc.RpcEntity;

privileged @SuppressWarnings("unused") aspect SignOn_Aspect {

    declare parents: SignOn implements RpcEntity;
    
    public String SignOn.getPassword(){
    	return this.password;
    }

    public String SignOn.getUser(){
    	return this.user;
    }
    
}